 italy1.txt , 0 , Serie A , Italy
 italy2.txt , 1 , Serie B , Italy
 germany1.txt , 2 , Bundesliga , Germany
 austria1.txt , 3 , Bundesliga , Austria
 germany2.txt , 4 , 2 Bundesliga , Germany
 germany4.txt , 5 , 3 Liga , Germany
 germany5.txt , 6 , Regionalliga Nord , Germany
 spain1.txt , 7 , La Liga , Spain
 spain2.txt , 8 , La liga 2 , Spain
 england1.txt , 9 , Premier League , England
 england2.txt , 10 , The Championship , England
 england3.txt , 11 , League One , England
 portugal1.txt , 12 , Primeira Liga , Portugal
 portugal2.txt , 13 , Liga Pro , Portugal
 argentina1.txt , 14 , Liga Profesional Argentina , Argentina
 belgium1.txt , 15 , Jupiler Pro League , Belgium
 belgium2.txt , 16 , Challenger Pro League , Belgium
 brazil1.txt , 17 , Brasileirao Serie A , Brazil
 brazil2.txt , 18 , Brasileirao Serie B , Brazil
 brazil3.txt , 19 , Brasileirao Serie C , Brazil
 chile1.txt , 20 , Primera Chile , Chile
 china1.txt , 21 , Super League , China
 greece1.txt , 22 , Super League , Greece
 colombia1.txt , 23 , Liga Betplay Dimayor , Colombia
 croatia1.txt , 24 , 1 HNL League , Croatia
 denmark1.txt , 25 , Superligaen , Denmark
 denmark2.txt , 26 , 1st Division , Denmark
 ecuador1.txt , 27 , Liga Pro , Ecuador
 france1.txt , 28 , Ligue 1 , France
 france2.txt , 29 , Ligue 2 , France
 hungary1.txt , 30 , NB 1 , Hungary
 ireland1.txt , 31 , Premier Division , Ireland
 mexico1.txt , 32 , Liga MX , Mexico
 mexico2.txt , 33 , Liga MX , Mexico
 eredivise.txt , 34 , Eredivisie , Netherlands
 eerste.txt , 35 , Eerste Divisie , Netherlands
 norway1.txt , 36 , Eliteserien , Norway
 norway2.txt , 37 , Obos Ligaen , Norway
 paraguay1.txt , 38 , Primera Paraguay , Paraguay
 romania1.txt , 41 , liga 1 , Romenia
 sweden2.txt , 42 , Superettan , Sweden
 finland1.txt , 43 , Veikkausliiga , Finland
 finland2.txt , 44 , Ykkonen , Finland
 estonia1.txt , 45 , Meistriliiga , Estonia
 south_korea1.txt , 46 , K-League-1 , South Korea
 brazil4.txt , 47 , Brasileirao Serie D , Brazil
 japan1.txt , 48 , J1 League , Japan
 japan2.txt , 49 , J2 League , Japan
 japan3.txt , 50 , J3 League , Japan
 iceland1.txt , 51 , Urvalsdeild , Iceland
 iceland2.txt , 52 , 1. Deild , Iceland
 iceland3.txt , 53 , 2. Deild , Iceland
 iceland4.txt , 54 , 3. Deild , Iceland
 south_korea2.txt , 56 , K-League-2 , South Korea
 south_korea3.txt , 57 , K3 League , South Korea
